
> backend@1.0.0 build
> tsc

src/utils/test-db-conn.ts(23,34): error TS18046: 'err' is of type 'unknown'.
src/utils/verify-registration-flow.ts(26,9): error TS18047: 'regInDB.rowCount' is possibly 'null'.
src/utils/verify-registration-flow.ts(44,9): error TS18047: 'userInDB.rowCount' is possibly 'null'.
